// Jest Snapshot v1, https://goo.gl/fbAQLP

exports[`CityPlaces renders correctly 1`] = `
<div
  className="cities__places-container container"
>
  <section
    className="cities__places places"
  >
    <h2
      className="visually-hidden"
    >
      Places
    </h2>
    <b
      className="places__found"
    >
      1
       places to stay in 
      Paris
    </b>
    <div
      action="#"
      className="places__sorting"
      method="get"
    >
      <span
        className="places__sorting-caption"
      >
        Sort by
      </span>
      <button
        className="places__sorting-type"
        onClick={[Function]}
        style={
          Object {
            "backgroundColor": "transparent",
            "border": "none",
            "outline": "none",
          }
        }
        tabIndex="0"
      >
        Popular
        <svg
          className="places__sorting-arrow"
          height="4"
          width="7"
        >
          <use
            xlinkHref="#icon-arrow-select"
          />
        </svg>
      </button>
    </div>
    <div
      className="cities__places-list tabs__content"
    >
      <article
        className="cities__place-card place-card"
        onMouseEnter={[Function]}
      >
        <div
          className="place-card__mark"
        >
          <span>
            Premium
          </span>
        </div>
        <div
          className="cities__image-wrapper place-card__image-wrapper"
        />
        <div
          className="place-card__info"
        >
          <div
            className="place-card__price-wrapper"
          >
            <div
              className="place-card__price"
            >
              <b
                className="place-card__price-value"
              >
                €
                931
              </b>
              <span
                className="place-card__price-text"
              >
                / night
              </span>
            </div>
            <button
              className="place-card__bookmark-button place-card__bookmark-button--active button"
              onClick={[Function]}
              type="button"
            >
              <svg
                className="place-card__bookmark-icon"
                height="19"
                width="18"
              >
                <use
                  xlinkHref="#icon-bookmark"
                />
              </svg>
              <span
                className="visually-hidden"
              >
                To bookmarks
              </span>
            </button>
          </div>
          <div
            className="place-card__rating rating"
          >
            <div
              className="place-card__stars rating__stars"
            >
              <span
                style={
                  Object {
                    "width": "48%",
                  }
                }
              />
              <span
                className="visually-hidden"
              >
                Rating
              </span>
            </div>
          </div>
          <h2
            className="place-card__name"
          />
          <p
            className="place-card__type"
          />
        </div>
      </article>
    </div>
  </section>
  <div
    className="cities__right-section"
  >
    <section
      className="cities__map map"
    >
      <div
        id="map"
        style={
          Object {
            "height": "100%",
          }
        }
      />
    </section>
  </div>
</div>
`;
