// Jest Snapshot v1, https://goo.gl/fbAQLP

exports[`City list renders correctly 1`] = `
<div
  style={
    Object {
      "alignItems": "center",
      "backgroundColor": "rgba(0,0,0, .7)",
      "display": "flex",
      "height": "100vh",
      "justifyContent": "center",
      "position": "fixed",
      "width": "100vw",
      "zIndex": "1000",
    }
  }
>
  <div
    style={
      Object {
        "alignItems": "center",
        "backgroundColor": "white",
        "borderRadius": "5px",
        "display": "flex",
        "flexDirection": "column",
        "height": "200px",
        "overflow": "hidden",
        "padding": "10px",
        "width": "300px",
      }
    }
  >
    <p
      style={
        Object {
          "alignItems": "center",
          "display": "flex",
          "flexGrow": "1",
          "justifyContent": "center",
        }
      }
    >
      error
    </p>
    <button
      style={
        Object {
          "backgroundColor": "#4481c3",
          "border": "0",
          "borderRadius": "3px",
          "color": "white",
          "width": "100px",
        }
      }
    >
      Ok
    </button>
  </div>
</div>
`;
