// Jest Snapshot v1, https://goo.gl/fbAQLP

exports[`City list renders correctly 1`] = `
<ul
  className="locations__list tabs__list"
>
  <li
    className="locations__item"
  >
    <a
      className="locations__item-link tabs__item tabs__item--active"
      onClick={[Function]}
    >
      <span>
        Paris
      </span>
    </a>
  </li>
  <li
    className="locations__item"
  >
    <a
      className="locations__item-link tabs__itemfalse"
      onClick={[Function]}
    >
      <span>
        Cologne
      </span>
    </a>
  </li>
  <li
    className="locations__item"
  >
    <a
      className="locations__item-link tabs__itemfalse"
      onClick={[Function]}
    >
      <span>
        Brussels
      </span>
    </a>
  </li>
  <li
    className="locations__item"
  >
    <a
      className="locations__item-link tabs__itemfalse"
      onClick={[Function]}
    >
      <span>
        Amsterdam
      </span>
    </a>
  </li>
</ul>
`;
